GAS LISTING /var/folders/_4/0gv1xzls4452yr8f8wz3qh880000gn/T//ccy8g6SL.s 			page 1


   1               		.file	"keyboard.c"
   2               		.arch atmega2561
   3               	__SREG__ = 0x3f
   4               	__SP_H__ = 0x3e
   5               	__SP_L__ = 0x3d
   6               	__tmp_reg__ = 0
   7               	__zero_reg__ = 1
   8               		.global __do_copy_data
   9               		.global __do_clear_bss
  10               		.text
  11               	.global	KbScan
  12               		.type	KbScan, @function
  13               	KbScan:
  14               	/* prologue: frame size=0 */
  15               	/* prologue end (size=0) */
  16 0000 A398      		cbi 52-0x20,3
  17               	/* #APP */
  18 0002 0000      		nop
  19 0004 0000      		nop
  20               	/* #NOAPP */
  21 0006 4FB1      		in r20,47-0x20
  22 0008 A39A      		sbi 52-0x20,3
  23 000a A498      		cbi 52-0x20,4
  24               	/* #APP */
  25 000c 0000      		nop
  26 000e 0000      		nop
  27               	/* #NOAPP */
  28 0010 6FB1      		in r22,47-0x20
  29 0012 A49A      		sbi 52-0x20,4
  30 0014 5B98      		cbi 43-0x20,3
  31               	/* #APP */
  32 0016 0000      		nop
  33 0018 0000      		nop
  34               	/* #NOAPP */
  35 001a 8FB1      		in r24,47-0x20
  36 001c 5B9A      		sbi 43-0x20,3
  37 001e 5A98      		cbi 43-0x20,2
  38               	/* #APP */
  39 0020 0000      		nop
  40 0022 0000      		nop
  41               	/* #NOAPP */
  42 0024 2FB1      		in r18,47-0x20
  43 0026 5A9A      		sbi 43-0x20,2
  44 0028 4295      		swap r20
  45 002a 4F70      		andi r20,0x0f
  46 002c 5527      		clr r21
  47 002e 607F      		andi r22,lo8(-16)
  48 0030 7727      		clr r23
  49 0032 462B      		or r20,r22
  50 0034 572B      		or r21,r23
  51 0036 807F      		andi r24,lo8(-16)
  52 0038 9927      		clr r25
  53 003a 34E0      		ldi r19,4
  54 003c 880F      	1:	lsl r24
  55 003e 991F      		rol r25
  56 0040 3A95      		dec r19
  57 0042 01F4      		brne 1b
GAS LISTING /var/folders/_4/0gv1xzls4452yr8f8wz3qh880000gn/T//ccy8g6SL.s 			page 2


  58 0044 482B      		or r20,r24
  59 0046 592B      		or r21,r25
  60 0048 207F      		andi r18,lo8(-16)
  61 004a 3327      		clr r19
  62 004c 322F      		mov r19,r18
  63 004e 2227      		clr r18
  64 0050 422B      		or r20,r18
  65 0052 532B      		or r21,r19
  66 0054 5093 0000 		sts (KeyFound)+1,r21
  67 0058 4093 0000 		sts KeyFound,r20
  68               	/* epilogue: frame size=0 */
  69 005c 0895      		ret
  70               	/* epilogue end (size=1) */
  71               	/* function KbScan size 55 (54) */
  72               		.size	KbScan, .-KbScan
  73               	.global	isKeyPressed
  74               		.type	isKeyPressed, @function
  75               	isKeyPressed:
  76               	/* prologue: frame size=0 */
  77               	/* prologue end (size=0) */
  78 005e 40E0      		ldi r20,lo8(0)
  79 0060 50E0      		ldi r21,hi8(0)
  80 0062 2091 0000 		lds r18,KeyFound
  81 0066 3091 0000 		lds r19,(KeyFound)+1
  82 006a 2823      		and r18,r24
  83 006c 3923      		and r19,r25
  84 006e 232B      		or r18,r19
  85 0070 01F4      		brne .L4
  86 0072 41E0      		ldi r20,lo8(1)
  87 0074 50E0      		ldi r21,hi8(1)
  88               	.L4:
  89 0076 CA01      		movw r24,r20
  90               	/* epilogue: frame size=0 */
  91 0078 0895      		ret
  92               	/* epilogue end (size=1) */
  93               	/* function isKeyPressed size 14 (13) */
  94               		.size	isKeyPressed, .-isKeyPressed
  95               	.global	KbSetKeyRepeating
  96               		.type	KbSetKeyRepeating, @function
  97               	KbSetKeyRepeating:
  98               	/* prologue: frame size=0 */
  99               	/* prologue end (size=0) */
 100 007a E82F      		mov r30,r24
 101 007c 862F      		mov r24,r22
 102 007e 8150      		subi r24,lo8(-(-1))
 103 0080 8230      		cpi r24,lo8(2)
 104 0082 00F4      		brsh .L10
 105 0084 E031      		cpi r30,lo8(16)
 106 0086 00F4      		brsh .L10
 107 0088 FF27      		clr r31
 108 008a E050      		subi r30,lo8(-(KeyRepeatArray))
 109 008c F040      		sbci r31,hi8(-(KeyRepeatArray))
 110 008e 6083      		st Z,r22
 111               	.L10:
 112 0090 0895      		ret
 113               	/* epilogue: frame size=0 */
 114               	/* epilogue: noreturn */
GAS LISTING /var/folders/_4/0gv1xzls4452yr8f8wz3qh880000gn/T//ccy8g6SL.s 			page 3


 115               	/* epilogue end (size=0) */
 116               	/* function KbSetKeyRepeating size 12 (12) */
 117               		.size	KbSetKeyRepeating, .-KbSetKeyRepeating
 118               	.global	KbGetKey
 119               		.type	KbGetKey, @function
 120               	KbGetKey:
 121               	/* prologue: frame size=0 */
 122               	/* prologue end (size=0) */
 123 0092 8091 0000 		lds r24,KeyBuffer
 124 0096 9927      		clr r25
 125               	/* epilogue: frame size=0 */
 126 0098 0895      		ret
 127               	/* epilogue end (size=1) */
 128               	/* function KbGetKey size 4 (3) */
 129               		.size	KbGetKey, .-KbGetKey
 130               	.global	KbInjectKey
 131               		.type	KbInjectKey, @function
 132               	KbInjectKey:
 133               	/* prologue: frame size=0 */
 134               	/* prologue end (size=0) */
 135 009a 8093 0000 		sts KeyBuffer,r24
 136 009e E091 0000 		lds r30,hKBEvent
 137 00a2 F091 0000 		lds r31,(hKBEvent)+1
 138 00a6 3097      		sbiw r30,0
 139 00a8 01F4      		brne .L14
 140 00aa 8FEF      		ldi r24,lo8(-1)
 141 00ac 9FEF      		ldi r25,hi8(-1)
 142 00ae 9093 0000 		sts (hKBEvent)+1,r25
 143 00b2 8093 0000 		sts hKBEvent,r24
 144 00b6 0895      		ret
 145               	.L14:
 146 00b8 8FEF      		ldi r24,hi8(-1)
 147 00ba EF3F      		cpi r30,lo8(-1)
 148 00bc F807      		cpc r31,r24
 149 00be 01F0      		breq .L18
 150 00c0 8481      		ldd r24,Z+4
 151 00c2 9581      		ldd r25,Z+5
 152 00c4 0196      		adiw r24,1
 153 00c6 9583      		std Z+5,r25
 154 00c8 8483      		std Z+4,r24
 155               	.L18:
 156 00ca 0895      		ret
 157               	/* epilogue: frame size=0 */
 158               	/* epilogue: noreturn */
 159               	/* epilogue end (size=0) */
 160               	/* function KbInjectKey size 25 (25) */
 161               		.size	KbInjectKey, .-KbInjectKey
 162               	.global	KbInit
 163               		.type	KbInit, @function
 164               	KbInit:
 165               	/* prologue: frame size=0 */
 166               	/* prologue end (size=0) */
 167 00cc A39A      		sbi 52-0x20,3
 168 00ce A49A      		sbi 52-0x20,4
 169 00d0 5B9A      		sbi 43-0x20,3
 170 00d2 5A9A      		sbi 43-0x20,2
 171 00d4 1092 0000 		sts KbState,__zero_reg__
GAS LISTING /var/folders/_4/0gv1xzls4452yr8f8wz3qh880000gn/T//ccy8g6SL.s 			page 4


 172 00d8 8FEF      		ldi r24,lo8(-1)
 173 00da 9FEF      		ldi r25,hi8(-1)
 174 00dc 9093 0000 		sts (KeyFound)+1,r25
 175 00e0 8093 0000 		sts KeyFound,r24
 176               	/* #APP */
 177 00e4 0FB6      		in  __tmp_reg__, __SREG__
 178 00e6 F894      		cli
 179 00e8 0F92      		push __tmp_reg__
 180               		
 181               	/* #NOAPP */
 182 00ea 1092 0000 		sts (hKBEvent)+1,__zero_reg__
 183 00ee 1092 0000 		sts hKBEvent,__zero_reg__
 184               	/* #APP */
 185 00f2 0F90      		pop __tmp_reg__
 186 00f4 0FBE      		out __SREG__, __tmp_reg__
 187               		
 188               	/* #NOAPP */
 189 00f6 8FEF      		ldi r24,lo8(-1)
 190 00f8 8093 0000 		sts KeyBuffer,r24
 191 00fc E0E0      		ldi r30,lo8(KeyRepeatArray)
 192 00fe F0E0      		ldi r31,hi8(KeyRepeatArray)
 193 0100 82E0      		ldi r24,lo8(2)
 194               	.L20:
 195 0102 8193      		st Z+,r24
 196 0104 90E0      		ldi r25,hi8(KeyRepeatArray+16)
 197 0106 E030      		cpi r30,lo8(KeyRepeatArray+16)
 198 0108 F907      		cpc r31,r25
 199 010a 01F4      		brne .L20
 200 010c 1092 0000 		sts (HoldCounter)+1,__zero_reg__
 201 0110 1092 0000 		sts HoldCounter,__zero_reg__
 202 0114 61E0      		ldi r22,lo8(1)
 203 0116 88E0      		ldi r24,lo8(8)
 204 0118 0E94 0000 		call KbSetKeyRepeating
 205 011c 61E0      		ldi r22,lo8(1)
 206 011e 8BE0      		ldi r24,lo8(11)
 207 0120 0E94 0000 		call KbSetKeyRepeating
 208 0124 61E0      		ldi r22,lo8(1)
 209 0126 8AE0      		ldi r24,lo8(10)
 210 0128 0E94 0000 		call KbSetKeyRepeating
 211 012c 61E0      		ldi r22,lo8(1)
 212 012e 8CE0      		ldi r24,lo8(12)
 213 0130 0E94 0000 		call KbSetKeyRepeating
 214               	/* epilogue: frame size=0 */
 215 0134 0895      		ret
 216               	/* epilogue end (size=1) */
 217               	/* function KbInit size 62 (61) */
 218               		.size	KbInit, .-KbInit
 219               	.global	KbWaitForKeyEvent
 220               		.type	KbWaitForKeyEvent, @function
 221               	KbWaitForKeyEvent:
 222               	/* prologue: frame size=0 */
 223               	/* prologue end (size=0) */
 224 0136 AB01      		movw r20,r22
 225 0138 BC01      		movw r22,r24
 226 013a 80E0      		ldi r24,lo8(hKBEvent)
 227 013c 90E0      		ldi r25,hi8(hKBEvent)
 228 013e 0E94 0000 		call NutEventWait
GAS LISTING /var/folders/_4/0gv1xzls4452yr8f8wz3qh880000gn/T//ccy8g6SL.s 			page 5


 229 0142 20E0      		ldi r18,lo8(0)
 230 0144 30E0      		ldi r19,hi8(0)
 231 0146 8F5F      		subi r24,lo8(-1)
 232 0148 9F4F      		sbci r25,hi8(-1)
 233 014a 01F4      		brne .L26
 234 014c 21E0      		ldi r18,lo8(1)
 235 014e 30E0      		ldi r19,hi8(1)
 236               	.L26:
 237 0150 C901      		movw r24,r18
 238               	/* epilogue: frame size=0 */
 239 0152 0895      		ret
 240               	/* epilogue end (size=1) */
 241               	/* function KbWaitForKeyEvent size 16 (15) */
 242               		.size	KbWaitForKeyEvent, .-KbWaitForKeyEvent
 243               		.lcomm hKBEvent,2
 244               		.lcomm KeyFound,2
 245               		.lcomm KeyBuffer,1
 246               		.lcomm HoldCounter,2
 247               		.lcomm KbState,1
 248               		.lcomm KeyRepeatArray,16
 249               	/* File "source/keyboard.c": code  188 = 0x00bc ( 183), prologues   0, epilogues   5 */
GAS LISTING /var/folders/_4/0gv1xzls4452yr8f8wz3qh880000gn/T//ccy8g6SL.s 			page 6


DEFINED SYMBOLS
                            *ABS*:00000000 keyboard.c
/var/folders/_4/0gv1xzls4452yr8f8wz3qh880000gn/T//ccy8g6SL.s:3      *ABS*:0000003f __SREG__
/var/folders/_4/0gv1xzls4452yr8f8wz3qh880000gn/T//ccy8g6SL.s:4      *ABS*:0000003e __SP_H__
/var/folders/_4/0gv1xzls4452yr8f8wz3qh880000gn/T//ccy8g6SL.s:5      *ABS*:0000003d __SP_L__
/var/folders/_4/0gv1xzls4452yr8f8wz3qh880000gn/T//ccy8g6SL.s:6      *ABS*:00000000 __tmp_reg__
/var/folders/_4/0gv1xzls4452yr8f8wz3qh880000gn/T//ccy8g6SL.s:7      *ABS*:00000001 __zero_reg__
/var/folders/_4/0gv1xzls4452yr8f8wz3qh880000gn/T//ccy8g6SL.s:13     .text:00000000 KbScan
/var/folders/_4/0gv1xzls4452yr8f8wz3qh880000gn/T//ccy8g6SL.s:243    .bss:00000002 KeyFound
/var/folders/_4/0gv1xzls4452yr8f8wz3qh880000gn/T//ccy8g6SL.s:75     .text:0000005e isKeyPressed
/var/folders/_4/0gv1xzls4452yr8f8wz3qh880000gn/T//ccy8g6SL.s:97     .text:0000007a KbSetKeyRepeating
/var/folders/_4/0gv1xzls4452yr8f8wz3qh880000gn/T//ccy8g6SL.s:247    .bss:00000008 KeyRepeatArray
/var/folders/_4/0gv1xzls4452yr8f8wz3qh880000gn/T//ccy8g6SL.s:120    .text:00000092 KbGetKey
/var/folders/_4/0gv1xzls4452yr8f8wz3qh880000gn/T//ccy8g6SL.s:244    .bss:00000004 KeyBuffer
/var/folders/_4/0gv1xzls4452yr8f8wz3qh880000gn/T//ccy8g6SL.s:132    .text:0000009a KbInjectKey
                             .bss:00000000 hKBEvent
/var/folders/_4/0gv1xzls4452yr8f8wz3qh880000gn/T//ccy8g6SL.s:164    .text:000000cc KbInit
/var/folders/_4/0gv1xzls4452yr8f8wz3qh880000gn/T//ccy8g6SL.s:246    .bss:00000007 KbState
/var/folders/_4/0gv1xzls4452yr8f8wz3qh880000gn/T//ccy8g6SL.s:245    .bss:00000005 HoldCounter
/var/folders/_4/0gv1xzls4452yr8f8wz3qh880000gn/T//ccy8g6SL.s:221    .text:00000136 KbWaitForKeyEvent

UNDEFINED SYMBOLS
__do_copy_data
__do_clear_bss
NutEventWait
